{
  _type: 'element',
  tags: null,
  links: null,
  viewOf: 'posSystem',
  _stage: 'layouted',
  sourcePath: 'views/secondLevel/pointSaleSystem.c4',
  description: {
    txt: 'This diagram shows the containers within the Point of Sale System and their interactions',
  },
  title: 'Level 2 - Containers / Container Diagram for Point of Sale System',
  id: 'pipos',
  autoLayout: {
    direction: 'TB',
  },
  notation: {
    nodes: [
      {
        title: 'Aplicación Web',
        shape: 'browser',
        color: 'secondary',
        kinds: [
          'webapp',
        ],
      },
      {
        title: 'Base de Datos',
        shape: 'cylinder',
        color: 'secondary',
        kinds: [
          'database',
        ],
      },
      {
        title: 'Aplicación Móvil Nativa',
        shape: 'mobile',
        color: 'secondary',
        kinds: [
          'mobileapp',
        ],
      },
      {
        title: 'Cliente',
        shape: 'person',
        color: 'green',
        kinds: [
          'personCustomer',
        ],
      },
      {
        title: 'Empleado',
        shape: 'person',
        color: 'red',
        kinds: [
          'personEmployee',
        ],
      },
      {
        title: 'Contenedor - Aplicación o Servicio',
        shape: 'rectangle',
        color: 'secondary',
        kinds: [
          'container',
        ],
      },
      {
        title: 'Sistema Externo o de Terceros',
        shape: 'rectangle',
        color: 'muted',
        kinds: [
          'external',
        ],
      },
      {
        title: 'Sistema de Software Interno',
        shape: 'rectangle',
        color: 'SoftwareSystem',
        kinds: [
          'system',
        ],
      },
    ],
  },
  hash: 'da128c9d326fd1710e309b116d4035ffcb9dd7b4',
  bounds: {
    x: 31,
    y: 34,
    width: 1683,
    height: 1260,
  },
  nodes: [
    {
      id: 'admin',
      parent: null,
      level: 0,
      children: [],
      inEdges: [],
      outEdges: [
        'zf1u0m',
      ],
      title: 'Administrator',
      modelRef: 'admin',
      shape: 'person',
      color: 'red',
      style: {
        opacity: 15,
        size: 'md',
      },
      description: {
        txt: 'manages the system',
      },
      tags: [],
      notation: 'Empleado',
      kind: 'personEmployee',
      x: 470,
      y: 44,
      width: 320,
      height: 180,
      labelBBox: {
        x: 89,
        y: 63,
        width: 142,
        height: 48,
      },
      navigateTo: null,
      links: null,
    },
    {
      id: 'cashier',
      parent: null,
      level: 0,
      children: [],
      inEdges: [],
      outEdges: [
        '1asnprf',
      ],
      title: 'Cashier',
      modelRef: 'cashier',
      shape: 'person',
      color: 'red',
      style: {
        opacity: 15,
        size: 'md',
      },
      description: {
        txt: 'processes customer transactions',
      },
      tags: [],
      notation: 'Empleado',
      kind: 'personEmployee',
      x: 946,
      y: 48,
      width: 320,
      height: 180,
      labelBBox: {
        x: 48,
        y: 63,
        width: 223,
        height: 48,
      },
      navigateTo: null,
      links: null,
    },
    {
      id: 'customer',
      parent: null,
      level: 0,
      children: [],
      inEdges: [],
      outEdges: [
        'hugco',
      ],
      title: 'Customer',
      modelRef: 'customer',
      shape: 'person',
      color: 'green',
      style: {
        opacity: 15,
        size: 'md',
      },
      description: {
        txt: 'purchases products from the store',
      },
      tags: [],
      notation: 'Cliente',
      kind: 'personCustomer',
      x: 1369,
      y: 120,
      width: 320,
      height: 180,
      labelBBox: {
        x: 44,
        y: 63,
        width: 232,
        height: 48,
      },
      navigateTo: null,
      links: null,
    },
    {
      id: 'posSystem',
      parent: null,
      level: 0,
      children: [
        'posSystem.webDashboard',
        'posSystem.mobileApp',
        'posSystem.backendApi',
        'posSystem.database',
      ],
      inEdges: [
        'zf1u0m',
        '1asnprf',
        'hugco',
      ],
      outEdges: [
        'wh57x4',
        '1thqcq1',
        '12zkkap',
        'y8kil0',
      ],
      title: 'Point of Sale System',
      modelRef: 'posSystem',
      shape: 'rectangle',
      color: 'SoftwareSystem',
      style: {
        opacity: 15,
        size: 'md',
      },
      description: {
        txt: 'Handles sales transactions and inventory management for a retail store',
      },
      tags: [],
      notation: 'Sistema de Software Interno',
      kind: 'system',
      depth: 1,
      x: 421,
      y: 317,
      width: 916,
      height: 967,
      labelBBox: {
        x: 6,
        y: 0,
        width: 137,
        height: 15,
      },
      navigateTo: null,
      links: null,
    },
    {
      id: 'posSystem.webDashboard',
      parent: 'posSystem',
      level: 1,
      children: [],
      inEdges: [
        'zf1u0m',
      ],
      outEdges: [
        'hjeoua',
        '12zkkap',
      ],
      title: 'Web Admin Dashboard',
      modelRef: 'posSystem.webDashboard',
      shape: 'browser',
      color: 'secondary',
      icon: 'tech:nextjs',
      style: {
        opacity: 15,
        size: 'md',
      },
      description: {
        txt: 'Administrative web application for system configuration, reports, and management',
      },
      tags: [],
      notation: 'Aplicación Web',
      technology: 'Next.js 15, React 19, TypeScript, TailwindCSS',
      kind: 'webapp',
      x: 461,
      y: 378,
      width: 350,
      height: 180,
      labelBBox: {
        x: 46,
        y: 35,
        width: 288,
        height: 103,
      },
      navigateTo: null,
      links: null,
    },
    {
      id: 'posSystem.mobileApp',
      parent: 'posSystem',
      level: 1,
      children: [],
      inEdges: [
        '1asnprf',
        'hugco',
      ],
      outEdges: [
        '12bv2d3',
        'y8kil0',
      ],
      title: 'Mobile POS App',
      modelRef: 'posSystem.mobileApp',
      shape: 'mobile',
      color: 'secondary',
      icon: 'tech:react',
      style: {
        opacity: 15,
        size: 'md',
      },
      description: {
        txt: 'Native mobile application for cashiers to process sales, manage cash register, and handle transactions',
      },
      tags: [],
      notation: 'Aplicación Móvil Nativa',
      technology: 'React 19, TypeScript, Capacitor, TailwindCSS',
      kind: 'mobileapp',
      x: 921,
      y: 378,
      width: 375,
      height: 180,
      labelBBox: {
        x: 57,
        y: 26,
        width: 303,
        height: 121,
      },
      navigateTo: null,
      links: null,
    },
    {
      id: 'posSystem.backendApi',
      parent: 'posSystem',
      level: 1,
      children: [],
      inEdges: [
        'hjeoua',
        '12bv2d3',
      ],
      outEdges: [
        '3kssqb',
        'wh57x4',
        '1thqcq1',
      ],
      title: 'Backend API',
      modelRef: 'posSystem.backendApi',
      shape: 'rectangle',
      color: 'secondary',
      icon: 'tech:fast-api',
      style: {
        opacity: 15,
        size: 'md',
      },
      description: {
        txt: 'REST API server handling business logic, transactions, inventory, and cash register operations',
      },
      tags: [],
      notation: 'Contenedor - Aplicación o Servicio',
      technology: 'Python 3.13, FastAPI, Prisma ORM',
      kind: 'container',
      x: 910,
      y: 721,
      width: 362,
      height: 180,
      labelBBox: {
        x: 46,
        y: 35,
        width: 300,
        height: 104,
      },
      navigateTo: null,
      links: null,
    },
    {
      id: 'posSystem.database',
      parent: 'posSystem',
      level: 1,
      children: [],
      inEdges: [
        '3kssqb',
      ],
      outEdges: [],
      title: 'PostgreSQL Database',
      modelRef: 'posSystem.database',
      shape: 'cylinder',
      color: 'secondary',
      icon: 'tech:postgresql',
      style: {
        opacity: 15,
        size: 'md',
      },
      description: {
        txt: 'Stores all business data: products, sales, customers, cash registers, users, and transactions',
      },
      tags: [],
      notation: 'Base de Datos',
      technology: 'PostgreSQL, Prisma Migrations',
      kind: 'database',
      x: 914,
      y: 1064,
      width: 353,
      height: 180,
      labelBBox: {
        x: 46,
        y: 36,
        width: 292,
        height: 103,
      },
      navigateTo: null,
      links: null,
    },
    {
      id: 'electronicBilling',
      parent: null,
      level: 0,
      children: [],
      inEdges: [
        'wh57x4',
      ],
      outEdges: [],
      title: 'Electronic Billing Service',
      modelRef: 'electronicBilling',
      shape: 'rectangle',
      color: 'muted',
      style: {
        opacity: 15,
        size: 'md',
      },
      description: {
        txt: 'Third-party service for processing electronic invoices',
      },
      tags: [],
      notation: 'Sistema Externo o de Terceros',
      kind: 'external',
      x: 1373,
      y: 1060,
      width: 331,
      height: 180,
      labelBBox: {
        x: 19,
        y: 54,
        width: 295,
        height: 66,
      },
      navigateTo: null,
      links: null,
    },
    {
      id: 'auth0',
      parent: null,
      level: 0,
      children: [],
      inEdges: [
        '1thqcq1',
        '12zkkap',
        'y8kil0',
      ],
      outEdges: [],
      title: 'Auth0',
      modelRef: 'auth0',
      shape: 'rectangle',
      color: 'muted',
      style: {
        opacity: 15,
        size: 'md',
      },
      description: {
        txt: 'Third-party authentication and authorization service',
      },
      tags: [],
      notation: 'Sistema Externo o de Terceros',
      kind: 'external',
      x: 41,
      y: 1062,
      width: 329,
      height: 180,
      labelBBox: {
        x: 18,
        y: 54,
        width: 293,
        height: 66,
      },
      navigateTo: null,
      links: null,
      icon: 'https://images.icon-icons.com/2699/PNG/512/auth_logo_icon_169534.png',
    },
  ],
  edges: [
    {
      id: 'zf1u0m',
      source: 'admin',
      target: 'posSystem.webDashboard',
      label: 'uses for system administration',
      dotpos: 'e,223,332.26 223,179.87 223,223.7 223,276.72 223,321.86',
      points: [
        [
          223,
          180,
        ],
        [
          223,
          224,
        ],
        [
          223,
          277,
        ],
        [
          223,
          322,
        ],
      ],
      labelBBox: {
        x: 632,
        y: 286,
        width: 193,
        height: 18,
      },
      parent: null,
      relations: [
        'cstjqt',
      ],
      color: 'gray',
      line: 'dashed',
      head: 'normal',
      navigateTo: null,
      tags: null,
      description: null,
      technology: null,
      controlPoints: [
        {
          x: 632,
          y: 286,
        },
      ],
    },
    {
      id: '1asnprf',
      source: 'cashier',
      target: 'posSystem.mobileApp',
      label: 'uses for sales and cash operations',
      dotpos: 'e,690.08,332.26 679.92,179.87 682.85,223.7 686.38,276.72 689.39,321.86',
      points: [
        [
          680,
          180,
        ],
        [
          683,
          224,
        ],
        [
          686,
          277,
        ],
        [
          689,
          322,
        ],
      ],
      labelBBox: {
        x: 1106,
        y: 289,
        width: 220,
        height: 18,
      },
      parent: null,
      relations: [
        '1svnvm3',
      ],
      color: 'gray',
      line: 'dashed',
      head: 'normal',
      navigateTo: null,
      tags: null,
      description: null,
      technology: null,
      controlPoints: [
        {
          x: 1106,
          y: 289,
        },
      ],
    },
    {
      id: 'hugco',
      source: 'customer',
      target: 'posSystem.mobileApp',
      label: 'interacts during purchase',
      dotpos: 'e,840.03,332.1 1022.9,179.77 995.79,207.6 964.62,237.6 934,262.8 907.41,284.68 877.75,306.33 848.64,326.25',
      points: [
        [
          1023,
          180,
        ],
        [
          996,
          208,
        ],
        [
          965,
          238,
        ],
        [
          934,
          263,
        ],
        [
          907,
          285,
        ],
        [
          878,
          306,
        ],
        [
          849,
          326,
        ],
      ],
      labelBBox: {
        x: 1334,
        y: 333,
        width: 161,
        height: 18,
      },
      parent: null,
      relations: [
        '1gaqy6h',
      ],
      color: 'gray',
      line: 'dashed',
      head: 'normal',
      navigateTo: null,
      tags: null,
      description: null,
      technology: null,
      controlPoints: [
        {
          x: 1334,
          y: 333,
        },
      ],
    },
    {
      id: '3kssqb',
      source: 'posSystem.backendApi',
      target: 'posSystem.database',
      label: 'reads from and writes to',
      dotpos: 'e,660.57,1017.6 662.59,854.99 659.78,874.75 657.28,895.64 655.83,915.2 653.61,945.16 655.65,977.66 659.24,1007.2',
      points: [
        [
          1076,
          902,
        ],
        [
          1073,
          922,
        ],
        [
          1070,
          943,
        ],
        [
          1069,
          962,
        ],
        [
          1067,
          992,
        ],
        [
          1069,
          1025,
        ],
        [
          1072,
          1054,
        ],
      ],
      labelBBox: {
        x: 1090.7737609329447,
        y: 967.2,
        width: 154,
        height: 39,
      },
      parent: 'posSystem',
      relations: [
        '13ddpt0',
      ],
      color: 'gray',
      line: 'dashed',
      head: 'normal',
      technology: 'Prisma Client, SQL/TCP',
      navigateTo: null,
      tags: null,
      description: null,
      controlPoints: [
        {
          x: 1090.7737609329447,
          y: 967.2,
        },
      ],
    },
    {
      id: 'hjeoua',
      source: 'posSystem.webDashboard',
      target: 'posSystem.backendApi',
      label: 'makes API calls to',
      dotpos: 'e,550.45,675.39 333.83,511.97 375.44,544.86 423.37,582.17 467.63,615.2 491.48,633 517.13,651.6 542.04,669.39',
      points: [
        [
          747,
          559,
        ],
        [
          788,
          592,
        ],
        [
          836,
          629,
        ],
        [
          881,
          662,
        ],
        [
          904,
          680,
        ],
        [
          930,
          699,
        ],
        [
          955,
          716,
        ],
      ],
      labelBBox: {
        x: 841.8775510204082,
        y: 624.2,
        width: 189,
        height: 39,
      },
      parent: 'posSystem',
      relations: [
        'filbro',
      ],
      color: 'gray',
      line: 'dashed',
      head: 'normal',
      technology: 'REST API, JSON/HTTPS, Axios',
      navigateTo: null,
      tags: null,
      description: null,
      controlPoints: [
        {
          x: 841.8775510204082,
          y: 624.2,
        },
      ],
    },
    {
      id: '12bv2d3',
      source: 'posSystem.mobileApp',
      target: 'posSystem.backendApi',
      label: 'makes API calls to',
      dotpos: 'e,682.69,675.3 691.32,511.76 688.84,558.66 685.8,616.39 683.24,664.8',
      points: [
        [
          1104,
          559,
        ],
        [
          1102,
          606,
        ],
        [
          1099,
          663,
        ],
        [
          1096,
          712,
        ],
      ],
      labelBBox: {
        x: 1100.5816326530612,
        y: 624.2,
        width: 153,
        height: 39,
      },
      parent: 'posSystem',
      relations: [
        'tbbwaq',
      ],
      color: 'gray',
      line: 'dashed',
      head: 'normal',
      technology: 'REST API, JSON/HTTPS',
      navigateTo: null,
      tags: null,
      description: null,
      controlPoints: [
        {
          x: 1100.5816326530612,
          y: 624.2,
        },
      ],
    },
    {
      id: 'wh57x4',
      source: 'posSystem.backendApi',
      target: 'electronicBilling',
      label: 'sends electronic invoices to',
      dotpos: 'e,1007.7,1018.5 791.8,855.07 834.02,887.79 882.43,925 926.8,958.4 950.19,976.01 975.25,994.6 999.49,1012.4',
      points: [
        [
          792,
          855,
        ],
        [
          834,
          888,
        ],
        [
          882,
          925,
        ],
        [
          927,
          958,
        ],
        [
          950,
          976,
        ],
        [
          975,
          995,
        ],
        [
          999,
          1012,
        ],
      ],
      labelBBox: {
        x: 1305,
        y: 964,
        width: 175,
        height: 39,
      },
      parent: null,
      relations: [
        '14brl58',
      ],
      color: 'gray',
      line: 'dashed',
      head: 'normal',
      technology: 'REST API/JSON',
      navigateTo: null,
      tags: null,
      description: null,
      controlPoints: [
        {
          x: 1305,
          y: 964,
        },
      ],
    },
    {
      id: '1thqcq1',
      source: 'posSystem.backendApi',
      target: 'auth0',
      label: 'validates tokens with',
      dotpos: 'e,1405.5,1039.2 859.2,820.9 941.72,847.19 1040.1,880.5 1127,915.2 1168.9,931.93 1177.6,939.99 1218.8,958.4 1276.2,984.07 1339.4,1011.2 1396.1,1035.2',
      points: [
        [
          859,
          821,
        ],
        [
          942,
          847,
        ],
        [
          1040,
          881,
        ],
        [
          1127,
          915,
        ],
        [
          1169,
          932,
        ],
        [
          1178,
          940,
        ],
        [
          1219,
          958,
        ],
        [
          1276,
          984,
        ],
        [
          1339,
          1011,
        ],
        [
          1396,
          1035,
        ],
      ],
      labelBBox: {
        x: 694,
        y: 963,
        width: 133,
        height: 39,
      },
      parent: null,
      relations: [
        '14z8a6j',
      ],
      color: 'gray',
      line: 'dashed',
      head: 'normal',
      technology: 'JWT, OAuth 2.0',
      navigateTo: null,
      tags: null,
      description: null,
      controlPoints: [
        {
          x: 694,
          y: 963,
        },
      ],
    },
    {
      id: '12zkkap',
      source: 'posSystem.webDashboard',
      target: 'auth0',
      label: 'authenticates users via',
      dotpos: 'e,1487.9,1018.6 397.77,495.31 416.23,501.53 434.88,507.26 453,512 634.14,559.42 695.36,504.47 870,572 1120.8,668.98 1357.2,885.14 1480.7,1011.1',
      points: [
        [
          398,
          495,
        ],
        [
          416,
          502,
        ],
        [
          435,
          507,
        ],
        [
          453,
          512,
        ],
        [
          634,
          559,
        ],
        [
          695,
          504,
        ],
        [
          870,
          572,
        ],
        [
          1121,
          669,
        ],
        [
          1357,
          885,
        ],
        [
          1481,
          1011,
        ],
      ],
      labelBBox: {
        x: 450,
        y: 760,
        width: 167,
        height: 39,
      },
      parent: null,
      relations: [
        'fw3agq',
      ],
      color: 'gray',
      line: 'dashed',
      head: 'normal',
      technology: 'OAuth 2.0, OpenID Connect',
      navigateTo: null,
      tags: null,
      description: null,
      controlPoints: [
        {
          x: 450,
          y: 760,
        },
      ],
    },
    {
      id: 'y8kil0',
      source: 'posSystem.mobileApp',
      target: 'auth0',
      label: 'authenticates users via',
      dotpos: 'e,1610.1,1018.7 883.17,427.48 1056.5,438.25 1317.2,471.66 1520,572 1581,602.16 1605.6,612.97 1633,675.2 1680.5,782.81 1647.3,918.67 1613.8,1009.1',
      points: [
        [
          883,
          427,
        ],
        [
          1056,
          438,
        ],
        [
          1317,
          472,
        ],
        [
          1520,
          572,
        ],
        [
          1581,
          602,
        ],
        [
          1606,
          613,
        ],
        [
          1633,
          675,
        ],
        [
          1680,
          783,
        ],
        [
          1647,
          919,
        ],
        [
          1614,
          1009,
        ],
      ],
      labelBBox: {
        x: 721,
        y: 760,
        width: 167,
        height: 39,
      },
      parent: null,
      relations: [
        '1hjdk0e',
      ],
      color: 'gray',
      line: 'dashed',
      head: 'normal',
      technology: 'OAuth 2.0, OpenID Connect',
      navigateTo: null,
      tags: null,
      description: null,
      controlPoints: [
        {
          x: 721,
          y: 760,
        },
      ],
    },
  ],
}